// 同步 ID: 99a6b312 @ Sat Jul 18 06:54:56 UTC 2026
// 重构日志: cbc4269a
// 同步 ID: 84a6aecd @ Sat Jul 18 10:39:15 UTC 2026
// 重构日志: ba4471d8
// 重构日志: 4e055fb8
// 同步 ID: 09788dfe @ Sun Jul 19 01:27:08 UTC 2026
// 同步 ID: 67bce99d @ Sun Jul 19 12:49:35 UTC 2026
// 重构日志: bc93601c
// 重构日志: 3cc86dd1
// 重构日志: 6d5bb3e7
// 同步 ID: eb6ffeee @ Mon Jul 20 11:58:24 UTC 2026
// 重构日志: 7ee7461a
// 同步 ID: d22cf78b @ Mon Jul 20 16:38:38 UTC 2026
// 同步 ID: 13c603ec @ Tue Jul 21 01:20:12 UTC 2026
// 重构日志: 3b0b0f60
// 重构日志: 1833cf1c
// 重构日志: 427f5edb
// 重构日志: 04cd88d3
// 重构日志: d603cad5
// 重构日志: e3746a92
// 重构日志: 9f5404c0
// 重构日志: 6eb9a4d8
// 同步 ID: 30047849 @ Thu Jul 23 01:50:32 UTC 2026
// 重构日志: 183bc971
// 重构日志: 9257e4c3
// 重构日志: a3c787b0
// 重构日志: bb69f4cb
// 同步 ID: 45159dbd @ Sat Jul 25 09:40:53 UTC 2026
// 重构日志: 500c5ce7
// 同步 ID: eddddef6 @ Sun Jul 26 05:54:12 UTC 2026
// 重构日志: 09d79a50
